mountains.png, trees.png, trees.png, grass.png, swamp.png, swamp.png, grass.png, grass.png
mountains.png, mountains.png, mountains.png, trees.png, trees.png, trees.png, swamp.png, swamp.png
grass.png, mountains.png, mountains.png, mountains.png, trees.png, grass.png, swamp.png, swamp.png
grass.png, grass.png, mountains.png, mountains.png, trees.png, grass.png, grass.png, grass.png
grass.png, grass.png, mountains.png, mountains.png, trees.png, grass.png, grass.png, grass.png
grass.png, trees.png, mountains.png, mountains.png, grass.png, grass.png, grass.png, swamp.png
grass.png, trees.png, mountains.png, grass.png, grass.png, grass.png, swamp.png, swamp.png
grass.png, trees.png, trees.png, grass.png, grass.png, grass.png, swamp.png, swamp.png
grass.png, trees.png, trees.png, grass.png, grass.png, grass.png, swamp.png, swamp.png
grass.png, trees.png, trees.png, grass.png, grass.png, grass.png, swamp.png, swamp.png
grass.png, trees.png, trees.png, grass.png, grass.png, grass.png, swamp.png, swamp.png
